23:04:35 **** Clean-only build of configuration Release for project testx ****
make -f Makefile clean 
./obj/PLUTOX/src/main/PlutoPilot.o
rm -f ./obj/Experience_PLUTOX.bin ./obj/Experience_PLUTOX.hex ./obj/Experience_PLUTOX.elf ./obj/PLUTOX/src/main/PlutoPilot.o ./obj/Experience_PLUTOX.map
rm -rf ./obj/PLUTOX
cd src/test && /usr/bin/make clean || true
/bin/sh: line 0: cd: src/test: No such file or directory
23:04:40 **** Build of configuration Release for project testx ****
make -f Makefile all 
./obj/PLUTOX/src/main/PlutoPilot.o
%% PlutoPilot.cpp
arm-none-eabi-g++ -o obj/Experience_PLUTOX.elf obj/PLUTOX/src/main/PlutoPilot.o -lm -nostartfiles --specs=nosys.specs -lc -lnosys -mthumb -mcpu=cortex-m4 -mfloat-abi=hard -mfpu=fpv4-sp-d16 -fsingle-precision-constant -Wdouble-promotion -flto -fuse-linker-plugin -Os -ggdb3 -DDEBUG -static -L./libs -lpluto_0.3 -Wl,-gc-sections,-Map,./obj/Experience_PLUTOX.map -Wl,-L./ld -T./ld/stm32_flash_f303_256k.ld
arm-none-eabi-size ./obj/Experience_PLUTOX.elf 
   text	   data	    bss	    dec	    hex	filename
  75140	   1236	   7756	  84132	  148a4	./obj/Experience_PLUTOX.elf
arm-none-eabi-objcopy -O ihex --set-start 0x8000000 obj/Experience_PLUTOX.elf obj/Experience_PLUTOX.hex
23:18:45 **** Clean-only build of configuration Release for project DebugAPIs ****
make -f Makefile clean 
./obj/PLUTOX/src/main/PlutoPilot.o
rm -f ./obj/Experience_PLUTOX.bin ./obj/Experience_PLUTOX.hex ./obj/Experience_PLUTOX.elf ./obj/PLUTOX/src/main/PlutoPilot.o ./obj/Experience_PLUTOX.map
rm -rf ./obj/PLUTOX
cd src/test && /usr/bin/make clean || true
/bin/sh: line 0: cd: src/test: No such file or directory
23:18:46 **** Build of configuration Release for project DebugAPIs ****
make -f Makefile all 
./obj/PLUTOX/src/main/PlutoPilot.o
%% PlutoPilot.cpp
arm-none-eabi-g++ -o obj/Experience_PLUTOX.elf obj/PLUTOX/src/main/PlutoPilot.o -lm -nostartfiles --specs=nosys.specs -lc -lnosys -mthumb -mcpu=cortex-m4 -mfloat-abi=hard -mfpu=fpv4-sp-d16 -fsingle-precision-constant -Wdouble-promotion -flto -fuse-linker-plugin -Os -ggdb3 -DDEBUG -static -L./libs -lpluto_0.3 -Wl,-gc-sections,-Map,./obj/Experience_PLUTOX.map -Wl,-L./ld -T./ld/stm32_flash_f303_256k.ld
arm-none-eabi-size ./obj/Experience_PLUTOX.elf 
   text	   data	    bss	    dec	    hex	filename
  76488	   1244	   7760	  85492	  14df4	./obj/Experience_PLUTOX.elf
arm-none-eabi-objcopy -O ihex --set-start 0x8000000 obj/Experience_PLUTOX.elf obj/Experience_PLUTOX.hex
14:24:35 **** Clean-only build of configuration Release for project DebugAPIs ****
make -f Makefile clean 
./obj/PLUTOX/src/main/PlutoPilot.o
rm -f ./obj/Experience_PLUTOX.bin ./obj/Experience_PLUTOX.hex ./obj/Experience_PLUTOX.elf ./obj/PLUTOX/src/main/PlutoPilot.o ./obj/Experience_PLUTOX.map
rm -rf ./obj/PLUTOX
cd src/test && /usr/bin/make clean || true
/bin/sh: line 0: cd: src/test: No such file or directory
14:24:51 **** Build of configuration Release for project DebugAPIs ****
make -f Makefile all 
./obj/PLUTOX/src/main/PlutoPilot.o
%% PlutoPilot.cpp
arm-none-eabi-g++ -o obj/Experience_PLUTOX.elf obj/PLUTOX/src/main/PlutoPilot.o -lm -nostartfiles --specs=nosys.specs -lc -lnosys -mthumb -mcpu=cortex-m4 -mfloat-abi=hard -mfpu=fpv4-sp-d16 -fsingle-precision-constant -Wdouble-promotion -flto -fuse-linker-plugin -Os -ggdb3 -DDEBUG -static -L./libs -lpluto_0.3 -Wl,-gc-sections,-Map,./obj/Experience_PLUTOX.map -Wl,-L./ld -T./ld/stm32_flash_f303_256k.ld
arm-none-eabi-size ./obj/Experience_PLUTOX.elf 
   text	   data	    bss	    dec	    hex	filename
  76488	   1244	   7760	  85492	  14df4	./obj/Experience_PLUTOX.elf
arm-none-eabi-objcopy -O ihex --set-start 0x8000000 obj/Experience_PLUTOX.elf obj/Experience_PLUTOX.hex
